------------------------------------------------------------
TimeQuest Timing Analyzer Summary
------------------------------------------------------------

Type  : Slow 1200mV 85C Model Setup 'clk'
Slack : -9.285
TNS   : -16442.696

Type  : Slow 1200mV 85C Model Setup 'sevensegment:ss1|clk1[15]'
Slack : 0.188
TNS   : 0.000

Type  : Slow 1200mV 85C Model Hold 'clk'
Slack : -0.066
TNS   : -0.066

Type  : Slow 1200mV 85C Model Hold 'sevensegment:ss1|clk1[15]'
Slack : 0.359
TNS   : 0.000

Type  : Slow 1200mV 85C Model Minimum Pulse Width 'clk'
Slack : -3.000
TNS   : -2275.000

Type  : Slow 1200mV 85C Model Minimum Pulse Width 'sevensegment:ss1|clk1[15]'
Slack : -1.000
TNS   : -6.000

Type  : Slow 1200mV 0C Model Setup 'clk'
Slack : -8.286
TNS   : -14635.682

Type  : Slow 1200mV 0C Model Setup 'sevensegment:ss1|clk1[15]'
Slack : 0.271
TNS   : 0.000

Type  : Slow 1200mV 0C Model Hold 'clk'
Slack : -0.032
TNS   : -0.032

Type  : Slow 1200mV 0C Model Hold 'sevensegment:ss1|clk1[15]'
Slack : 0.313
TNS   : 0.000

Type  : Slow 1200mV 0C Model Minimum Pulse Width 'clk'
Slack : -3.000
TNS   : -2275.000

Type  : Slow 1200mV 0C Model Minimum Pulse Width 'sevensegment:ss1|clk1[15]'
Slack : -1.000
TNS   : -6.000

Type  : Fast 1200mV 0C Model Setup 'clk'
Slack : -5.115
TNS   : -8533.825

Type  : Fast 1200mV 0C Model Setup 'sevensegment:ss1|clk1[15]'
Slack : 0.545
TNS   : 0.000

Type  : Fast 1200mV 0C Model Hold 'clk'
Slack : -0.044
TNS   : -0.044

Type  : Fast 1200mV 0C Model Hold 'sevensegment:ss1|clk1[15]'
Slack : 0.188
TNS   : 0.000

Type  : Fast 1200mV 0C Model Minimum Pulse Width 'clk'
Slack : -3.000
TNS   : -2417.940

Type  : Fast 1200mV 0C Model Minimum Pulse Width 'sevensegment:ss1|clk1[15]'
Slack : -1.000
TNS   : -6.000

------------------------------------------------------------
