------------------------------------------------------------
TimeQuest Timing Analyzer Summary
------------------------------------------------------------

Type  : Slow 1200mV 85C Model Setup 'clk'
Slack : -12.702
TNS   : -75262.916

Type  : Slow 1200mV 85C Model Setup 'sevensegment:ss1|clk1[15]'
Slack : 0.219
TNS   : 0.000

Type  : Slow 1200mV 85C Model Hold 'clk'
Slack : -0.101
TNS   : -0.101

Type  : Slow 1200mV 85C Model Hold 'sevensegment:ss1|clk1[15]'
Slack : 0.357
TNS   : 0.000

Type  : Slow 1200mV 85C Model Minimum Pulse Width 'clk'
Slack : -3.000
TNS   : -9044.000

Type  : Slow 1200mV 85C Model Minimum Pulse Width 'sevensegment:ss1|clk1[15]'
Slack : -1.000
TNS   : -6.000

Type  : Slow 1200mV 0C Model Setup 'clk'
Slack : -11.271
TNS   : -67012.565

Type  : Slow 1200mV 0C Model Setup 'sevensegment:ss1|clk1[15]'
Slack : 0.298
TNS   : 0.000

Type  : Slow 1200mV 0C Model Hold 'clk'
Slack : -0.067
TNS   : -0.067

Type  : Slow 1200mV 0C Model Hold 'sevensegment:ss1|clk1[15]'
Slack : 0.312
TNS   : 0.000

Type  : Slow 1200mV 0C Model Minimum Pulse Width 'clk'
Slack : -3.000
TNS   : -9044.000

Type  : Slow 1200mV 0C Model Minimum Pulse Width 'sevensegment:ss1|clk1[15]'
Slack : -1.000
TNS   : -6.000

Type  : Fast 1200mV 0C Model Setup 'clk'
Slack : -7.117
TNS   : -41266.250

Type  : Fast 1200mV 0C Model Setup 'sevensegment:ss1|clk1[15]'
Slack : 0.566
TNS   : 0.000

Type  : Fast 1200mV 0C Model Hold 'clk'
Slack : -0.091
TNS   : -0.091

Type  : Fast 1200mV 0C Model Hold 'sevensegment:ss1|clk1[15]'
Slack : 0.187
TNS   : 0.000

Type  : Fast 1200mV 0C Model Minimum Pulse Width 'clk'
Slack : -3.000
TNS   : -9564.864

Type  : Fast 1200mV 0C Model Minimum Pulse Width 'sevensegment:ss1|clk1[15]'
Slack : -1.000
TNS   : -6.000

------------------------------------------------------------
