------------------------------------------------------------
TimeQuest Timing Analyzer Summary
------------------------------------------------------------

Type  : Slow 1200mV 85C Model Setup 'clk'
Slack : -2.358
TNS   : -59.956

Type  : Slow 1200mV 85C Model Setup 'clk1[11]'
Slack : 0.179
TNS   : 0.000

Type  : Slow 1200mV 85C Model Hold 'clk'
Slack : -1.617
TNS   : -11.892

Type  : Slow 1200mV 85C Model Hold 'clk1[11]'
Slack : 0.357
TNS   : 0.000

Type  : Slow 1200mV 85C Model Minimum Pulse Width 'clk'
Slack : -3.000
TNS   : -51.000

Type  : Slow 1200mV 85C Model Minimum Pulse Width 'clk1[11]'
Slack : -1.000
TNS   : -6.000

Type  : Slow 1200mV 0C Model Setup 'clk'
Slack : -1.931
TNS   : -47.623

Type  : Slow 1200mV 0C Model Setup 'clk1[11]'
Slack : 0.261
TNS   : 0.000

Type  : Slow 1200mV 0C Model Hold 'clk'
Slack : -1.467
TNS   : -11.344

Type  : Slow 1200mV 0C Model Hold 'clk1[11]'
Slack : 0.310
TNS   : 0.000

Type  : Slow 1200mV 0C Model Minimum Pulse Width 'clk'
Slack : -3.000
TNS   : -51.000

Type  : Slow 1200mV 0C Model Minimum Pulse Width 'clk1[11]'
Slack : -1.000
TNS   : -6.000

Type  : Fast 1200mV 0C Model Setup 'clk'
Slack : -0.934
TNS   : -14.913

Type  : Fast 1200mV 0C Model Setup 'clk1[11]'
Slack : 0.540
TNS   : 0.000

Type  : Fast 1200mV 0C Model Hold 'clk'
Slack : -0.942
TNS   : -6.912

Type  : Fast 1200mV 0C Model Hold 'clk1[11]'
Slack : 0.187
TNS   : 0.000

Type  : Fast 1200mV 0C Model Minimum Pulse Width 'clk'
Slack : -3.000
TNS   : -53.230

Type  : Fast 1200mV 0C Model Minimum Pulse Width 'clk1[11]'
Slack : -1.000
TNS   : -6.000

------------------------------------------------------------
